// Jest Snapshot v1, https://goo.gl/fbAQLP

exports[`renders homepage unchanged 1`] = `
<div>
  <div
    style="text-align: center;"
  >
    Loading...
  </div>
  <div
    class="Footer"
    style="text-align: center;"
  >
    <hr
      style="color: black; background-color: black; height: 1px; width: 100px;"
    />
    <p />
  </div>
</div>
`;
